// Jest Snapshot v1, https://goo.gl/fbAQLP

exports[`Title renders title 1`] = `
Array [
  <View
    style={
      Array [
        Object {
          "alignItems": "center",
          "flexDirection": "row",
          "justifyContent": "space-between",
        },
        undefined,
      ]
    }
  >
    <View
      style={
        Array [
          Object {
            "flexBasis": 0,
            "flexGrow": 1,
            "flexShrink": 1,
          },
          Object {
            "alignItems": "center",
            "flexDirection": "row",
          },
          undefined,
        ]
      }
    >
      <View
        showIcon={true}
        showUnderLine={false}
        text={null}
      >
        <Text
          allowFontScaling={false}
          style={
            Array [
              Object {
                "color": "#1D1D1D",
                "fontSize": 16,
                "fontWeight": "600",
                "lineHeight": 20.8,
                "marginRight": 2,
              },
              undefined,
            ]
          }
        >
          
        </Text>
      </View>
    </View>
    <View
      style={
        Object {
          "marginLeft": 6,
        }
      }
    />
  </View>,
  "\\\\",
]
`;
